------------------------------------------------------------
TimeQuest Timing Analyzer Summary
------------------------------------------------------------

Type  : Slow 1200mV 85C Model Setup 'sensa_boton:inst1|reloj'
Slack : -0.154
TNS   : -0.307

Type  : Slow 1200mV 85C Model Setup 'clk'
Slack : 0.179
TNS   : 0.000

Type  : Slow 1200mV 85C Model Hold 'sensa_boton:inst1|reloj'
Slack : 0.430
TNS   : 0.000

Type  : Slow 1200mV 85C Model Hold 'clk'
Slack : 0.432
TNS   : 0.000

Type  : Slow 1200mV 85C Model Minimum Pulse Width 'clk'
Slack : -3.000
TNS   : -5.806

Type  : Slow 1200mV 85C Model Minimum Pulse Width 'sensa_boton:inst1|reloj'
Slack : -1.403
TNS   : -12.627

Type  : Slow 1200mV 0C Model Setup 'sensa_boton:inst1|reloj'
Slack : -0.049
TNS   : -0.098

Type  : Slow 1200mV 0C Model Setup 'clk'
Slack : 0.250
TNS   : 0.000

Type  : Slow 1200mV 0C Model Hold 'clk'
Slack : 0.396
TNS   : 0.000

Type  : Slow 1200mV 0C Model Hold 'sensa_boton:inst1|reloj'
Slack : 0.397
TNS   : 0.000

Type  : Slow 1200mV 0C Model Minimum Pulse Width 'clk'
Slack : -3.000
TNS   : -5.806

Type  : Slow 1200mV 0C Model Minimum Pulse Width 'sensa_boton:inst1|reloj'
Slack : -1.403
TNS   : -12.627

Type  : Fast 1200mV 0C Model Setup 'sensa_boton:inst1|reloj'
Slack : 0.509
TNS   : 0.000

Type  : Fast 1200mV 0C Model Setup 'clk'
Slack : 0.640
TNS   : 0.000

Type  : Fast 1200mV 0C Model Hold 'clk'
Slack : 0.162
TNS   : 0.000

Type  : Fast 1200mV 0C Model Hold 'sensa_boton:inst1|reloj'
Slack : 0.162
TNS   : 0.000

Type  : Fast 1200mV 0C Model Minimum Pulse Width 'clk'
Slack : -3.000
TNS   : -5.340

Type  : Fast 1200mV 0C Model Minimum Pulse Width 'sensa_boton:inst1|reloj'
Slack : -1.000
TNS   : -9.000

------------------------------------------------------------
