------------------------------------------------------------
TimeQuest Timing Analyzer Summary
------------------------------------------------------------

Type  : Slow 1200mV 85C Model Setup 'etapa2:inst3|reg_acoplo_3:inst10|selop[0]'
Slack : -5.759
TNS   : -85.553

Type  : Slow 1200mV 85C Model Setup 'RELOJ'
Slack : -4.407
TNS   : -47.246

Type  : Slow 1200mV 85C Model Setup 'etapa2:inst3|reg_acoplo_3:inst10|selfalgs[1]'
Slack : -4.353
TNS   : -4.353

Type  : Slow 1200mV 85C Model Setup 'divisor:inst1|div'
Slack : -1.956
TNS   : -121.164

Type  : Slow 1200mV 85C Model Hold 'divisor:inst1|div'
Slack : 0.442
TNS   : 0.000

Type  : Slow 1200mV 85C Model Hold 'RELOJ'
Slack : 0.645
TNS   : 0.000

Type  : Slow 1200mV 85C Model Hold 'etapa2:inst3|reg_acoplo_3:inst10|selop[0]'
Slack : 0.663
TNS   : 0.000

Type  : Slow 1200mV 85C Model Hold 'etapa2:inst3|reg_acoplo_3:inst10|selfalgs[1]'
Slack : 3.965
TNS   : 0.000

Type  : Slow 1200mV 85C Model Minimum Pulse Width 'RELOJ'
Slack : -3.000
TNS   : -38.075

Type  : Slow 1200mV 85C Model Minimum Pulse Width 'divisor:inst1|div'
Slack : -1.403
TNS   : -147.315

Type  : Slow 1200mV 85C Model Minimum Pulse Width 'etapa2:inst3|reg_acoplo_3:inst10|selop[0]'
Slack : 0.393
TNS   : 0.000

Type  : Slow 1200mV 85C Model Minimum Pulse Width 'etapa2:inst3|reg_acoplo_3:inst10|selfalgs[1]'
Slack : 0.479
TNS   : 0.000

Type  : Slow 1200mV 0C Model Setup 'etapa2:inst3|reg_acoplo_3:inst10|selop[0]'
Slack : -5.318
TNS   : -78.788

Type  : Slow 1200mV 0C Model Setup 'RELOJ'
Slack : -4.015
TNS   : -40.903

Type  : Slow 1200mV 0C Model Setup 'etapa2:inst3|reg_acoplo_3:inst10|selfalgs[1]'
Slack : -3.912
TNS   : -3.912

Type  : Slow 1200mV 0C Model Setup 'divisor:inst1|div'
Slack : -1.788
TNS   : -107.487

Type  : Slow 1200mV 0C Model Hold 'divisor:inst1|div'
Slack : 0.404
TNS   : 0.000

Type  : Slow 1200mV 0C Model Hold 'etapa2:inst3|reg_acoplo_3:inst10|selop[0]'
Slack : 0.491
TNS   : 0.000

Type  : Slow 1200mV 0C Model Hold 'RELOJ'
Slack : 0.596
TNS   : 0.000

Type  : Slow 1200mV 0C Model Hold 'etapa2:inst3|reg_acoplo_3:inst10|selfalgs[1]'
Slack : 3.641
TNS   : 0.000

Type  : Slow 1200mV 0C Model Minimum Pulse Width 'RELOJ'
Slack : -3.000
TNS   : -38.075

Type  : Slow 1200mV 0C Model Minimum Pulse Width 'divisor:inst1|div'
Slack : -1.403
TNS   : -147.315

Type  : Slow 1200mV 0C Model Minimum Pulse Width 'etapa2:inst3|reg_acoplo_3:inst10|selop[0]'
Slack : 0.361
TNS   : 0.000

Type  : Slow 1200mV 0C Model Minimum Pulse Width 'etapa2:inst3|reg_acoplo_3:inst10|selfalgs[1]'
Slack : 0.475
TNS   : 0.000

Type  : Fast 1200mV 0C Model Setup 'etapa2:inst3|reg_acoplo_3:inst10|selop[0]'
Slack : -2.135
TNS   : -31.686

Type  : Fast 1200mV 0C Model Setup 'etapa2:inst3|reg_acoplo_3:inst10|selfalgs[1]'
Slack : -1.433
TNS   : -1.433

Type  : Fast 1200mV 0C Model Setup 'RELOJ'
Slack : -1.432
TNS   : -6.532

Type  : Fast 1200mV 0C Model Setup 'divisor:inst1|div'
Slack : -0.549
TNS   : -24.306

Type  : Fast 1200mV 0C Model Hold 'divisor:inst1|div'
Slack : 0.177
TNS   : 0.000

Type  : Fast 1200mV 0C Model Hold 'RELOJ'
Slack : 0.250
TNS   : 0.000

Type  : Fast 1200mV 0C Model Hold 'etapa2:inst3|reg_acoplo_3:inst10|selop[0]'
Slack : 0.278
TNS   : 0.000

Type  : Fast 1200mV 0C Model Hold 'etapa2:inst3|reg_acoplo_3:inst10|selfalgs[1]'
Slack : 1.819
TNS   : 0.000

Type  : Fast 1200mV 0C Model Minimum Pulse Width 'RELOJ'
Slack : -3.000
TNS   : -32.250

Type  : Fast 1200mV 0C Model Minimum Pulse Width 'divisor:inst1|div'
Slack : -1.000
TNS   : -105.000

Type  : Fast 1200mV 0C Model Minimum Pulse Width 'etapa2:inst3|reg_acoplo_3:inst10|selop[0]'
Slack : 0.448
TNS   : 0.000

Type  : Fast 1200mV 0C Model Minimum Pulse Width 'etapa2:inst3|reg_acoplo_3:inst10|selfalgs[1]'
Slack : 0.497
TNS   : 0.000

------------------------------------------------------------
