------------------------------------------------------------
TimeQuest Timing Analyzer Summary
------------------------------------------------------------

Type  : Slow 1200mV 85C Model Setup 'etapa2:inst3|reg_acoplo_3:inst10|selop[0]'
Slack : -5.640
TNS   : -92.958

Type  : Slow 1200mV 85C Model Setup 'etapa2:inst3|reg_acoplo_3:inst10|selfalgs[1]'
Slack : -4.858
TNS   : -4.858

Type  : Slow 1200mV 85C Model Setup 'RELOJ'
Slack : -2.013
TNS   : -116.403

Type  : Slow 1200mV 85C Model Hold 'etapa2:inst3|reg_acoplo_3:inst10|selop[0]'
Slack : 0.137
TNS   : 0.000

Type  : Slow 1200mV 85C Model Hold 'RELOJ'
Slack : 0.443
TNS   : 0.000

Type  : Slow 1200mV 85C Model Hold 'etapa2:inst3|reg_acoplo_3:inst10|selfalgs[1]'
Slack : 4.468
TNS   : 0.000

Type  : Slow 1200mV 85C Model Minimum Pulse Width 'RELOJ'
Slack : -3.000
TNS   : -150.315

Type  : Slow 1200mV 85C Model Minimum Pulse Width 'etapa2:inst3|reg_acoplo_3:inst10|selop[0]'
Slack : 0.370
TNS   : 0.000

Type  : Slow 1200mV 85C Model Minimum Pulse Width 'etapa2:inst3|reg_acoplo_3:inst10|selfalgs[1]'
Slack : 0.479
TNS   : 0.000

Type  : Slow 1200mV 0C Model Setup 'etapa2:inst3|reg_acoplo_3:inst10|selop[0]'
Slack : -5.215
TNS   : -85.635

Type  : Slow 1200mV 0C Model Setup 'etapa2:inst3|reg_acoplo_3:inst10|selfalgs[1]'
Slack : -4.375
TNS   : -4.375

Type  : Slow 1200mV 0C Model Setup 'RELOJ'
Slack : -1.832
TNS   : -102.830

Type  : Slow 1200mV 0C Model Hold 'etapa2:inst3|reg_acoplo_3:inst10|selop[0]'
Slack : 0.023
TNS   : 0.000

Type  : Slow 1200mV 0C Model Hold 'RELOJ'
Slack : 0.406
TNS   : 0.000

Type  : Slow 1200mV 0C Model Hold 'etapa2:inst3|reg_acoplo_3:inst10|selfalgs[1]'
Slack : 4.104
TNS   : 0.000

Type  : Slow 1200mV 0C Model Minimum Pulse Width 'RELOJ'
Slack : -3.000
TNS   : -150.315

Type  : Slow 1200mV 0C Model Minimum Pulse Width 'etapa2:inst3|reg_acoplo_3:inst10|selop[0]'
Slack : 0.346
TNS   : 0.000

Type  : Slow 1200mV 0C Model Minimum Pulse Width 'etapa2:inst3|reg_acoplo_3:inst10|selfalgs[1]'
Slack : 0.475
TNS   : 0.000

Type  : Fast 1200mV 0C Model Setup 'etapa2:inst3|reg_acoplo_3:inst10|selop[0]'
Slack : -2.175
TNS   : -34.952

Type  : Fast 1200mV 0C Model Setup 'etapa2:inst3|reg_acoplo_3:inst10|selfalgs[1]'
Slack : -1.669
TNS   : -1.669

Type  : Fast 1200mV 0C Model Setup 'RELOJ'
Slack : -0.841
TNS   : -25.520

Type  : Fast 1200mV 0C Model Hold 'etapa2:inst3|reg_acoplo_3:inst10|selop[0]'
Slack : -0.030
TNS   : -0.044

Type  : Fast 1200mV 0C Model Hold 'RELOJ'
Slack : 0.179
TNS   : 0.000

Type  : Fast 1200mV 0C Model Hold 'etapa2:inst3|reg_acoplo_3:inst10|selfalgs[1]'
Slack : 2.049
TNS   : 0.000

Type  : Fast 1200mV 0C Model Minimum Pulse Width 'RELOJ'
Slack : -3.000
TNS   : -126.530

Type  : Fast 1200mV 0C Model Minimum Pulse Width 'etapa2:inst3|reg_acoplo_3:inst10|selop[0]'
Slack : 0.408
TNS   : 0.000

Type  : Fast 1200mV 0C Model Minimum Pulse Width 'etapa2:inst3|reg_acoplo_3:inst10|selfalgs[1]'
Slack : 0.497
TNS   : 0.000

------------------------------------------------------------
